// Jest Snapshot v1, https://goo.gl/fbAQLP

exports[`ProgressXl.vue render component correctly 1`] = `
<div role="progressbar" aria-valuenow="0" aria-valuemin="0" aria-valuemax="100" aria-label="Loading"><svg width="56" height="56" stroke-width="3" viewPort="0 0 24 24" version="1.1" xmlns="http://www.w3.org/2000/svg">
    <g>
      <circle r="25.66" cx="28" cy="28" stroke="#e6e6e6" fill="none" stroke-dasharray="161.144, 161.144" class="origin-center rotate-[-90deg]"></circle>
      <circle r="25.66" cx="28" cy="28" stroke="#16A34A" fill="none" stroke-dasharray="0, 161.144" class="transition-all ease-in-out duration-[600ms] origin-center rotate-[-90deg]"></circle> <text text-anchor="middle" alignment-baseline="central" x="50%" y="50%" class="text-xs font-medium stroke-0 fill-gray-900 font-body stroke-black">0%</text>
    </g>
  </svg></div>
`;
