// Jest Snapshot v1, https://goo.gl/fbAQLP

exports[`TooltipLeft.vue render component correctly 1`] = `
<div class="relative flex items-center group">
  <buttonprimary-stub aria-describedby="tooltip-left">
    Hover me
  </buttonprimary-stub>
  <div id="tooltip-left" role="tooltip" class="absolute left-0 items-center hidden ml-32 group-hover:flex">
    <div class="w-2 h-2 -mr-1 rotate-45 bg-gray-500"></div>
    <div class="relative z-10 whitespace-no-wrap bg-gray-500 font-body font-medium text-white text-sm leading-5 rounded-md px-3 py-1.5">

    </div>
  </div>
</div>
`;
