// Jest Snapshot v1, https://goo.gl/fbAQLP

exports[`RatingButton.vue render component correctly 1`] = `<fieldset class="inline-flex rating"><input aria-label="Rating star 1 of 5" type="radio" name="rating-1" class="w-6 h-6 appearance-none cursor-pointer star-input"> <input aria-label="Rating star 2 of 5" type="radio" name="rating-1" checked="checked" class="w-6 h-6 appearance-none cursor-pointer star-input"> <input aria-label="Rating star 3 of 5" type="radio" name="rating-1" class="w-6 h-6 appearance-none cursor-pointer star-input"> <input aria-label="Rating star 4 of 5" type="radio" name="rating-1" class="w-6 h-6 appearance-none cursor-pointer star-input"> <input aria-label="Rating star 5 of 5" type="radio" name="rating-1" class="w-6 h-6 appearance-none cursor-pointer star-input"></fieldset>`;
