// Jest Snapshot v1, https://goo.gl/fbAQLP

exports[`AccordionBase.vue render component correctly 1`] = `
<div class="flex flex-col w-full font-body">
  <buttonbase-stub type="secondary" size="large" aria-expanded="true" aria-controls="content-1" class="relative h-11 group normal-case !text-gray-900 border-none !rounded-none !shadow-none hover:shadow-none hover:!text-primary-600 hover:bg-gray-100 active:!text-gray-900 p-4 !justify-between"><span class="absolute text-lg font-medium">

    </span> <svg width="24" height="24" viewBox="0 0 24 24" xmlns="http://www.w3.org/2000/svg" class="absolute right-[10px] w-6 h-6 transition-transform fill-gray-500 group-hover:fill-primary-600 group-active:fill-gray-500 rotate-180">
      <path d="M11.2407 15.1143C11.6398 15.5798 12.3601 15.5798 12.7592 15.1143L16.585 10.6508C17.141 10.0021 16.6801 9 15.8257 9H8.17417C7.31982 9 6.85891 10.0021 7.41492 10.6508L11.2407 15.1143Z"></path>
    </svg></buttonbase-stub>
  <div id="content-1" class="px-4 py-2 text-gray-500"></div>
</div>
`;
