// Jest Snapshot v1, https://goo.gl/fbAQLP

exports[`RadioBase.vue render component correctly 1`] = `<div class="grid max-w-xs grid-cols-[24px_1fr] gap-x-2.5 py-3.5"><input id="radio1" type="radio" name="radio-base" class="w-5 h-5 mt-px border-2 border-gray-500 rounded-full appearance-none cursor-pointer peer hover:border-primary-500 checked:bg-primary-500 checked:border-primary-500 checked:shadow-inset disabled:cursor-not-allowed disabled:border-gray-500/50 outline-violet" value=""> <label for="radio1" class="text-gray-900 cursor-pointer text-base peer-required:after:content-['*'] peer-disabled:text-gray-900/40 peer-disabled:cursor-not-allowed font-body"> Label</label> <span class="hidden col-start-2 mt-1 text-xs text-gray-500 peer-required:block font-body">*Required</span></div>`;
