// Jest Snapshot v1, https://goo.gl/fbAQLP

exports[`SfRadioDense.vue render component correctly 1`] = `<div class="grid max-w-xs grid-cols-[24px_1fr] gap-x-2.5 px-[18px] py-3.5 hover:bg-gray-100 rounded-md"><input id="radio1" type="radio" name="radio-tile" class="peer w-[20px] h-[20px] mt-px cursor-pointer appearance-none rounded-full border-2 border-gray-500 hover:border-primary-500 checked:bg-primary-500 checked:border-primary-500 checked:shadow-inset disabled:cursor-not-allowed disabled:border-gray-500/50 outline-violet" value=""> <label for="radio1" class="text-gray-900 cursor-pointer text-base peer-required:after:content-['*'] peer-disabled:text-gray-900/40 peer-disabled:cursor-not-allowed font-body"> Label</label> <span class="hidden col-start-2 mt-1 text-xs text-gray-500 peer-required:block font-body">*Required</span></div>`;
