// Jest Snapshot v1, https://goo.gl/fbAQLP

exports[`SfRadioDense.vue render component correctly 1`] = `
<fieldset aria-required="true" aria-invalid="true" aria-describedby="errorMessage" role="radiogroup" class="flex flex-col" name="radio-group-tile">
  <sfradiotile-stub name="radio-group-tile-1" value="" invalid="true"></sfradiotile-stub>
  <sfradiotile-stub name="radio-group-tile-2" value=""></sfradiotile-stub> <span id="errorMessage" class="col-span-2 mt-1 text-sm font-medium text-negative-600 font-body hidden">Error message</span>
</fieldset>
`;
