// Jest Snapshot v1, https://goo.gl/fbAQLP

exports[`TagBadge.vue render component correctly 1`] = `
<div class="flex direction-row h-9 text-base">
  <div class="flex items-center font-medium text-white fill-white font-body direction-row bg-gray-600"><span class="w-6 h-6 m-2"></span> <span class="m-1.5 ml-3"> Label </span></div>
  <div class="border-t-0 border-b-transparent border-t-transparent border-l-gray-600 border-b-[36px] border-l-[16px]"></div>
</div>
`;
