// Jest Snapshot v1, https://goo.gl/fbAQLP

exports[`SfButtonSecondary.vue render component correctly 1`] = `<button class="bg-white hover:bg-green-100 active:bg-green-200 disabled:bg-gray-200 disabled:border-0 text-green-500 hover:text-green-500 active:text-green-600 disabled:text-gray-500 disabled:opacity-50 border border-green-400 uppercase px-[16px] py-2 rounded-md font-body text-base font-medium leading-6 shadow hover:shadow-md disabled:shadow-none"></button>`;
