// Jest Snapshot v1, https://goo.gl/fbAQLP

exports[`SfSpinnerBase.vue render component correctly 1`] = `
<div role="presentation" aria-live="polite" aria-busy="true" class="relative h-6">
  <div class="absolute w-6 h-6 bg-transparent border-2 border-gray-200 rounded-full"></div>
  <div class="w-3 h-3 bg-transparent border-2 border-transparent rounded-tl-full stopped-animation before:absolute animate-spin border-t-primary-600"></div>
</div>
`;
