// Jest Snapshot v1, https://goo.gl/fbAQLP

exports[`SfSpinnerSm.vue render component correctly 1`] = `
<div role="presentation" aria-live="polite" aria-busy="true" class="relative h-4">
  <div class="absolute w-4 h-4 bg-transparent border-2 border-gray-200 rounded-3xl"></div>
  <div class="absolute w-[10px] h-[10px] bg-transparent border-2 border-transparent rounded-tl-xl animate-spin border-t-primary-600"></div>
</div>
`;
