// Jest Snapshot v1, https://goo.gl/fbAQLP

exports[`SfButton.vue render component correctly 1`] = `
<div class="relative">
  <div class="absolute w-10 h-10 bg-transparent border-2 border-gray-200 rounded-full"></div>
  <div class="absolute w-5 h-5 bg-transparent border-2 border-transparent rounded-tl-full animate-spin border-t-primary-600"></div>
</div>
`;

exports[`SfSpinner.vue render component correctly 1`] = `
<div class="relative">
  <div class="absolute w-10 h-10 bg-transparent border-2 border-gray-200 rounded-full"></div>
  <div class="absolute w-5 h-5 bg-transparent border-2 border-transparent rounded-tl-full animate-spin border-t-primary-600"></div>
</div>
`;

exports[`SfSpinnerLinear.vue render component correctly 1`] = `
<div class="relative w-10 h-1 overflow-hidden">
  <div class="absolute w-10 h-1 bg-gray-200"></div>
  <div class="absolute w-2.5 h-1 animate-spin-l bg-primary-600"></div>
</div>
`;
