// Jest Snapshot v1, https://goo.gl/fbAQLP

exports[`SfSpinner3xl.vue render component correctly 1`] = `
<div role="presentation" aria-live="polite" aria-busy="true" class="relative h-48">
  <div class="absolute w-48 h-48 bg-transparent border-8 border-gray-200 rounded-[100%]"></div>
  <div class="stopped-animation absolute w-24 h-24 bg-transparent border-8 border-transparent rounded-tl-[9999px] animate-spin border-t-primary-600"></div>
</div>
`;
