// Jest Snapshot v1, https://goo.gl/fbAQLP

exports[`ButtonPrimarySmall.vue render component correctly 1`] = `<button class="inline-flex items-center justify-center cursor-pointer bg-green-500 hover:bg-green-600 active:bg-green-700 disabled:bg-gray-200 text-white disabled:text-gray-500 disabled:opacity-50 uppercase font-body font-medium rounded-md shadow hover:shadow-md disabled:shadow-none disabled:cursor-not-allowed leading-5 px-3 py-[6px] text-sm outline-violet"></button>`;
