// Jest Snapshot v1, https://goo.gl/fbAQLP

exports[`ButtonPrimaryLarge.vue render component correctly 1`] = `<button class="inline-flex items-center justify-center px-6 py-3 text-base font-medium text-white uppercase rounded-md cursor-pointer bg-primary-500 shadow-base hover:bg-primary-600 active:bg-primary-700 disabled:bg-gray-200 disabled:text-gray-500 disabled:opacity-50 font-body hover:shadow-medium disabled:shadow-none disabled:cursor-not-allowed outline-violet"></button>`;
